GitHub. HW_2
1. На локальном репозитории сделать ветки для:
- Postman
- Jmeter
- CheckLists
- Bag Reports
- SQL
- Charles
- Mobile testing

Alexsey@DESKTOP-C5GGP3M MINGW64 /d/group_31/gitrepo/group31 (main)
$ git branch Postman

Alexsey@DESKTOP-C5GGP3M MINGW64 /d/group_31/gitrepo/group31 (main)
$ git branch
  Postman
  apple_pay
* main

Alexsey@DESKTOP-C5GGP3M MINGW64 /d/group_31/gitrepo/group31 (main)
$ git branch  Jmeter

Alexsey@DESKTOP-C5GGP3M MINGW64 /d/group_31/gitrepo/group31 (main)
$ git branch CheckLists

Alexsey@DESKTOP-C5GGP3M MINGW64 /d/group_31/gitrepo/group31 (main)
$ git branch Bag_Reports

Alexsey@DESKTOP-C5GGP3M MINGW64 /d/group_31/gitrepo/group31 (main)
$ git branch SQL

Alexsey@DESKTOP-C5GGP3M MINGW64 /d/group_31/gitrepo/group31 (main)
$ git branch Charles

Alexsey@DESKTOP-C5GGP3M MINGW64 /d/group_31/gitrepo/group31 (main)
$ git branch Mobile_testing

Alexsey@DESKTOP-C5GGP3M MINGW64 /d/group_31/gitrepo/group31 (main)
$ git branch
  Bag_Reports
  Charles
  CheckLists
  Jmeter
  Mobile_testing
  Postman
  SQL
  apple_pay
* main



  --2. Запушить все ветки на внешний репозиторий

Alexsey@DESKTOP-C5GGP3M MINGW64 /d/group_31/gitrepo/group31 (main)
$ git push -u origin Bag_Reports
Enter passphrase for key '/c/Users/Alexsey/.ssh/id_ed25519':
Total 0 (delta 0), reused 0 (delta 0), pack-reused 0
remote:
remote: Create a pull request for 'Bag_Reports' on GitHub by visiting:
remote:      https://github.com/VolyaMOVE/group31/pull/new/Bag_Reports
remote:
To github.com:VolyaMOVE/group31.git
 * [new branch]      Bag_Reports -> Bag_Reports
branch 'Bag_Reports' set up to track 'origin/Bag_Reports'.

Alexsey@DESKTOP-C5GGP3M MINGW64 /d/group_31/gitrepo/group31 (main)
$ git push -u origin SQL
Enter passphrase for key '/c/Users/Alexsey/.ssh/id_ed25519':
Total 0 (delta 0), reused 0 (delta 0), pack-reused 0
remote:
remote: Create a pull request for 'SQL' on GitHub by visiting:
remote:      https://github.com/VolyaMOVE/group31/pull/new/SQL
remote:
To github.com:VolyaMOVE/group31.git
 * [new branch]      SQL -> SQL
branch 'SQL' set up to track 'origin/SQL'.

Alexsey@DESKTOP-C5GGP3M MINGW64 /d/group_31/gitrepo/group31 (main)
$ git push -u origin Charles
Enter passphrase for key '/c/Users/Alexsey/.ssh/id_ed25519':
Total 0 (delta 0), reused 0 (delta 0), pack-reused 0
remote:
remote: Create a pull request for 'Charles' on GitHub by visiting:
remote:      https://github.com/VolyaMOVE/group31/pull/new/Charles
remote:
To github.com:VolyaMOVE/group31.git
 * [new branch]      Charles -> Charles
branch 'Charles' set up to track 'origin/Charles'.

Alexsey@DESKTOP-C5GGP3M MINGW64 /d/group_31/gitrepo/group31 (main)
$ git push -u origin CheckLists
Enter passphrase for key '/c/Users/Alexsey/.ssh/id_ed25519':
Total 0 (delta 0), reused 0 (delta 0), pack-reused 0
remote:
remote: Create a pull request for 'CheckLists' on GitHub by visiting:
remote:      https://github.com/VolyaMOVE/group31/pull/new/CheckLists
remote:
To github.com:VolyaMOVE/group31.git
 * [new branch]      CheckLists -> CheckLists
branch 'CheckLists' set up to track 'origin/CheckLists'.

Alexsey@DESKTOP-C5GGP3M MINGW64 /d/group_31/gitrepo/group31 (main)
$ git push -u origin Jmeter
Enter passphrase for key '/c/Users/Alexsey/.ssh/id_ed25519':
Total 0 (delta 0), reused 0 (delta 0), pack-reused 0
remote:
remote: Create a pull request for 'Jmeter' on GitHub by visiting:
remote:      https://github.com/VolyaMOVE/group31/pull/new/Jmeter
remote:
To github.com:VolyaMOVE/group31.git
 * [new branch]      Jmeter -> Jmeter
branch 'Jmeter' set up to track 'origin/Jmeter'.

Alexsey@DESKTOP-C5GGP3M MINGW64 /d/group_31/gitrepo/group31 (main)
$ git push -u origin   Mobile_testing
Enter passphrase for key '/c/Users/Alexsey/.ssh/id_ed25519':
Total 0 (delta 0), reused 0 (delta 0), pack-reused 0
remote:
remote: Create a pull request for 'Mobile_testing' on GitHub by visiting:
remote:      https://github.com/VolyaMOVE/group31/pull/new/Mobile_testing
remote:
To github.com:VolyaMOVE/group31.git
 * [new branch]      Mobile_testing -> Mobile_testing
branch 'Mobile_testing' set up to track 'origin/Mobile_testing'.

Alexsey@DESKTOP-C5GGP3M MINGW64 /d/group_31/gitrepo/group31 (main)
$ git push -u origin Postman
Enter passphrase for key '/c/Users/Alexsey/.ssh/id_ed25519':
Total 0 (delta 0), reused 0 (delta 0), pack-reused 0
remote:
remote: Create a pull request for 'Postman' on GitHub by visiting:
remote:      https://github.com/VolyaMOVE/group31/pull/new/Postman
remote:
To github.com:VolyaMOVE/group31.git
 * [new branch]      Postman -> Postman
branch 'Postman' set up to track 'origin/Postman'.


    --3. В ветке Bag Reports сделать текстовый документ со структурой баг репорта

Alexsey@DESKTOP-C5GGP3M MINGW64 /d/group_31/gitrepo/group31 (Bag_Reports)
$ touch Bug_report.txt

Alexsey@DESKTOP-C5GGP3M MINGW64 /d/group_31/gitrepo/group31 (Bag_Reports)
$ cat >> Bug_report.txt
environment - Windows 11
title - Not all homepage elements are translated into Japanese
steps - 1) Click on the language selection dropdown in the upper right corner
        2) Switch language to Japanese
        3) Scroll the page down to the end
expected result - All elements of the main page are translated into Japanese
actual result - Not all homepage elements are translated into Japanese


     --4. Запушить структуру багрепорта на внешний репозиторий

Alexsey@DESKTOP-C5GGP3M MINGW64 /d/group_31/gitrepo/group31 (Bag_Reports)
$ git commit -m 'add bug_report.txt'
[Bag_Reports 84438a4] add bug_report.txt
 1 file changed, 7 insertions(+)
 create mode 100644 bug_report.txt

Alexsey@DESKTOP-C5GGP3M MINGW64 /d/group_31/gitrepo/group31 (Bag_Reports)
$ git push
Enter passphrase for key '/c/Users/Alexsey/.ssh/id_ed25519':
Enumerating objects: 4, done.
Counting objects: 100% (4/4), done.
Delta compression using up to 8 threads
Compressing objects: 100% (3/3), done.
Writing objects: 100% (3/3), 484 bytes | 484.00 KiB/s, done.
Total 3 (delta 1), reused 0 (delta 0), pack-reused 0
remote: Resolving deltas: 100% (1/1), completed with 1 local object.
To github.com:VolyaMOVE/group31.git
   a6d1845..84438a4  Bag_Reports -> Bag_Reports


5. Вмержить ветку Bag Reports в Main

Alexsey@DESKTOP-C5GGP3M MINGW64 /d/group_31/gitrepo/group31 (Bag_Reports)
$ git checkout main
Switched to branch 'main'
Your branch is up to date with 'origin/main'.

Alexsey@DESKTOP-C5GGP3M MINGW64 /d/group_31/gitrepo/group31 (main)
$ git merge Bag_Reports
Updating a6d1845..84438a4
Fast-forward
 bug_report.txt | 7 +++++++
 1 file changed, 7 insertions(+)
 create mode 100644 bug_report.txt


6. Запушить main на внешний репозиторий.

Alexsey@DESKTOP-C5GGP3M MINGW64 /d/group_31/gitrepo/group31 (main)
$ git push -u origin main
Enter passphrase for key '/c/Users/Alexsey/.ssh/id_ed25519':
Total 0 (delta 0), reused 0 (delta 0), pack-reused 0
To github.com:VolyaMOVE/group31.git
   a6d1845..84438a4  main -> main
branch 'main' set up to track 'origin/main'.


7. В ветке CheckLists набросать структуру чек листа.

Alexsey@DESKTOP-C5GGP3M MINGW64 /d/group_31/gitrepo/group31 (CheckLists)
$ cat >> checklist_design.txt
Build
Environment
Tester
№
Title
Test name
Result
Comments


8. Запушить структуру на внешний репозиторий
Alexsey@DESKTOP-C5GGP3M MINGW64 /d/group_31/gitrepo/group31 (CheckLists)
$ git add checklist.txt
warning: in the working copy of 'checklist.txt', LF will be replaced by CRLF the next time Git touches it

Alexsey@DESKTOP-C5GGP3M MINGW64 /d/group_31/gitrepo/group31 (CheckLists)
$ git commit -m 'add checklist.txt'
[CheckLists 169a828] add checklist.txt
 1 file changed, 8 insertions(+)
 create mode 100644 checklist.txt

Alexsey@DESKTOP-C5GGP3M MINGW64 /d/group_31/gitrepo/group31 (CheckLists)
$ git push
Enter passphrase for key '/c/Users/Alexsey/.ssh/id_ed25519':
Enumerating objects: 4, done.
Counting objects: 100% (4/4), done.
Delta compression using up to 8 threads
Compressing objects: 100% (3/3), done.
Writing objects: 100% (3/3), 362 bytes | 362.00 KiB/s, done.
Total 3 (delta 1), reused 0 (delta 0), pack-reused 0
remote: Resolving deltas: 100% (1/1), completed with 1 local object.
To github.com:VolyaMOVE/group31.git
   a6d1845..169a828  CheckLists -> CheckLists



9. На внешнем репозитории сделать Pull Request ветки CheckLists в main


10. Синхронизировать Внешнюю и Локальную ветки Main

Alexsey@DESKTOP-C5GGP3M MINGW64 /d/group_31/gitrepo/group31 (main)
$ git pull
Enter passphrase for key '/c/Users/Alexsey/.ssh/id_ed25519':
remote: Enumerating objects: 4, done.
remote: Counting objects: 100% (4/4), done.
remote: Compressing objects: 100% (2/2), done.
remote: Total 2 (delta 1), reused 0 (delta 0), pack-reused 0
Unpacking objects: 100% (2/2), 710 bytes | 7.00 KiB/s, done.
From github.com:VolyaMOVE/group31
   84438a4..f14dadf  main       -> origin/main
Updating 84438a4..f14dadf
Fast-forward
 checklist.txt | 8 ++++++++
 1 file changed, 8 insertions(+)
 create mode 100644 checklist.txt

